name: performance-budget
level: 3
command: npm run benchmark:performance
status: pass
exit_code: 0
duration_ms: 275

--- output ---

> @offbeat24/bass@0.8.0 benchmark:performance
> node scripts/benchmark-performance.mjs

{
  "measurement": "Static UTF-8 instruction bytes including emitted session context, not hook JavaScript; composed prompt characters, not model tokens or runtime quality.",
  "baselines": {
    "historical": "97b8ab6",
    "instruction_routing": "63f11db"
  },
  "static_instruction_bytes": {
    "core_entrypoints": {
      "baseline": 9160,
      "current": 3214,
      "reduction_percent": 64.9
    },
    "work_skill": {
      "baseline": 2577,
      "current": 1828,
      "reduction_percent": 29.1
    }
  },
  "composed_prompt_chars": {
    "docsEvaluator": {
      "baseline": 4526,
      "current": 3589,
      "reduction_percent": 20.7,
      "automatic_context": []
    },
    "codeWorker": {
      "baseline": 4810,
      "current": 4401,
      "reduction_percent": 8.5,
      "automatic_context": [
        "TECH.md#Stack",
        "TECH.md#Architecture"
      ]
    },
    "uiWorker": {
      "baseline": 5464,
      "current": 5385,
      "reduction_percent": 1.4,
      "automatic_context": [
        "PRODUCT.md#Product intent",
        "TECH.md#Stack",
        "TECH.md#Architecture",
        "DESIGN.md#Purpose",
        "DESIGN.md#Design principles"
      ]
    },
    "serverWorker": {
      "baseline": 4801,
      "current": 4722,
      "reduction_percent": 1.6,
      "automatic_context": [
        "PRODUCT.md#Product intent",
        "TECH.md#Stack",
        "TECH.md#Architecture"
      ]
    }
  },
  "evaluator_critic_calls": {
    "baseline": 8,
    "fast": 1,
    "fast_reduction_percent": 87.5,
    "standard_worst_case": 4,
    "standard_reduction_percent": 50
  }
}
